
-- NIGHT FALLS --

[Hidden] Player roles: [Wolf, Villager, Robber, Seer, Villager, Tanner, Mason, Wolf, Minion, Mason, Drunk, Villager]
         Center cards: [Troublemaker, Insomniac, Hunter]

Wolf, wake up.
[Hidden] Wolves are at indices: [0, 7]
[Hidden] Wolves are at indices: [0, 7]
Wolf, go to sleep.

Minion, wake up.
[Hidden] Wolves are at indices: [0, 7]
Minion, go to sleep.

Mason, wake up.
[Hidden] Masons are at indices: [6, 9]
[Hidden] Masons are at indices: [6, 9]
Mason, go to sleep.

Seer, wake up.
[Hidden] Seer sees that Center 1 is a Insomniac, Center 2 is a Hunter.
Seer, go to sleep.

Robber, wake up.
[Hidden] Robber switches with Player 7 and becomes a Wolf.
Robber, go to sleep.

Troublemaker, wake up.
Troublemaker, go to sleep.

Drunk, wake up.
[Hidden] Drunk switches with Center Card 1 and unknowingly becomes a Insomniac.
Drunk, go to sleep.

Insomniac, wake up.
Insomniac, go to sleep.

Everyone, wake up!


-- GAME BEGINS --

Player 0: I am a Seer and I saw that Center 0 was a Insomniac and that Center 2 was a Minion.
Player 1: I am a Villager.
Player 2: I am a Robber and I swapped with Player 7. I am now a Wolf.
Player 3: I am a Seer and I saw that Center 1 was a Insomniac and that Center 2 was a Hunter.
Player 4: I am a Villager.
Player 5: I am a Seer and I saw that Center 0 was a Insomniac and that Center 2 was a Minion.
Player 6: I am a Mason. The other Mason is Player 9.
Player 7: I am a Seer and I saw that Center 0 was a Insomniac and that Center 2 was a Minion.
Player 8: I am a Seer and I saw that Center 0 was a Insomniac and that Center 2 was a Minion.
Player 9: I am a Mason. The other Mason is Player 6.
Player 10: I am a Drunk and I swapped with Center 1.
Player 11: I am a Villager.

[Trace] Predictions:
Player  0: (Seer, Villager, Wolf, Minion, Villager, Tanner, Mason, Robber, Wolf, Mason, Hunter, Villager, Insomniac, Drunk, Troublemaker)
Player  1: (Minion, Villager, Wolf, Seer, Villager, Tanner, Mason, Robber, Wolf, Mason, Insomniac, Villager, Troublemaker, Drunk, Hunter)
Player  2: (Minion, Villager, Wolf, Seer, Villager, Tanner, Mason, Robber, Wolf, Mason, Insomniac, Villager, Troublemaker, Drunk, Hunter)
Player  3: (Minion, Villager, Wolf, Seer, Villager, Tanner, Mason, Robber, Wolf, Mason, Insomniac, Villager, Troublemaker, Drunk, Hunter)
Player  4: (Minion, Villager, Wolf, Seer, Villager, Tanner, Mason, Robber, Wolf, Mason, Insomniac, Villager, Troublemaker, Drunk, Hunter)
Player  5: (Minion, Villager, Wolf, Tanner, Villager, Seer, Mason, Robber, Wolf, Mason, Hunter, Villager, Insomniac, Drunk, Troublemaker)
Player  6: (Minion, Villager, Wolf, Seer, Villager, Tanner, Mason, Robber, Wolf, Mason, Insomniac, Villager, Troublemaker, Drunk, Hunter)
Player  7: (Minion, Villager, Tanner, Wolf, Villager, Wolf, Mason, Seer, Hunter, Mason, Robber, Villager, Insomniac, Drunk, Troublemaker)
Player  8: (Minion, Villager, Wolf, Tanner, Villager, Wolf, Mason, Robber, Seer, Mason, Hunter, Villager, Insomniac, Drunk, Troublemaker)
Player  9: (Minion, Villager, Wolf, Seer, Villager, Tanner, Mason, Robber, Wolf, Mason, Insomniac, Villager, Troublemaker, Drunk, Hunter)
Player 10: (Minion, Villager, Wolf, Seer, Villager, Tanner, Mason, Robber, Wolf, Mason, Insomniac, Villager, Troublemaker, Drunk, Hunter)
Player 11: (Minion, Villager, Wolf, Seer, Villager, Tanner, Mason, Robber, Wolf, Mason, Insomniac, Villager, Troublemaker, Drunk, Hunter)

Vote Array: [0, 0, 0, 0, 0, 2, 0, 0, 10, 0, 0, 0]

[Solution] Player roles: [Wolf, Villager, Wolf, Seer, Villager, Tanner, Mason, Robber, Minion, Mason, Insomniac, Villager]
           Center cards: [Troublemaker, Drunk, Hunter]

[WolfBot] Player roles: [Minion, Villager, Wolf, Seer, Villager, Tanner, Mason, Robber, Wolf, Mason, Insomniac, Villager]
          Center cards: [Troublemaker, Drunk, Hunter]

Confidence levels: [0.92, 1.0, 0.92, 0.67, 1.0, 0.75, 1.0, 0.92, 0.83, 1.0, 0.67, 1.0, 0.67, 1.0, 0.67]
Player 8 was chosen as a Wolf.
Player 8 was a Minion!

Werewolf Team wins!