
-- NIGHT FALLS --

[Hidden] Player roles: [Robber, Drunk, Wolf, Troublemaker, Seer]
         Center cards: [Minion]

Wolf, wake up.
[Hidden] Wolves are at indices: [2]
Wolf, go to sleep.

Minion, wake up.
Minion, go to sleep.

Seer, wake up.
[Hidden] Seer sees that Player 3 is a Troublemaker.
Seer, go to sleep.

Robber, wake up.
[Hidden] Robber switches with Player 4 and becomes a Seer.
Robber, go to sleep.

Troublemaker, wake up.
[Hidden] Troublemaker switches Player 4 and Player 1.
Troublemaker, go to sleep.

Drunk, wake up.
[Hidden] Drunk switches with Center Card 0 and unknowingly becomes a Minion.
Drunk, go to sleep.

Everyone, wake up!


-- GAME BEGINS --

Player 0: I am a Robber and I swapped with Player 4. I am now a Seer.
Player 1: I am a Drunk and I swapped with Center 0.
Player 2: I am a Seer and I saw that Player 4 was a Wolf.
Player 3: I am a Troublemaker and I swapped Player 4 and Player 1.
Player 4: I am a Seer and I saw that Player 3 was a Troublemaker.

[Trace] Predictions:
Player 0: (Seer, Wolf, Minion, Troublemaker, Drunk, Robber)
Player 1: (Seer, Wolf, Minion, Troublemaker, Drunk, Robber)
Player 2: (Minion, Robber, Seer, Troublemaker, Drunk, Wolf)
Player 3: (Seer, Wolf, Minion, Troublemaker, Drunk, Robber)
Player 4: (Seer, Wolf, Minion, Troublemaker, Drunk, Robber)

Vote Array: [0, 3, 1, 1, 0]

[Solution] Player roles: [Seer, Minion, Wolf, Troublemaker, Drunk]
           Center cards: [Robber]

[WolfBot] Player roles: [Seer, Wolf, Minion, Troublemaker, Drunk]
          Center cards: [Robber]

Confidence levels: [0.8, 0.8, 0.8, 1.0, 1.0, 0.8]
Player 1 was chosen as a Wolf.
Player 1 was a Minion!

Werewolf Team wins!